2025-12-20 04:50:44 WARNING: [IDS] {'line': 1, 'pattern': 'TestPattern', 'severity': 'high', 'ip': '1.2.3.4', 'content': 'attack from 1.2.3.4 detected'}
2025-12-20 04:50:44 WARNING: [IPS] Blocking IP: 1.2.3.4 | Reason: TestPattern | Line: 1 | attack from 1.2.3.4 detected
2025-12-20 04:52:37 WARNING: [IDS] {'line': 1, 'pattern': 'TestPattern', 'severity': 'high', 'ip': '1.2.3.4', 'content': 'attack from 1.2.3.4 detected'}
2025-12-20 04:52:37 WARNING: [IPS] Blocking IP: 1.2.3.4 | Reason: TestPattern | Line: 1 | attack from 1.2.3.4 detected
2025-12-20 04:54:26 WARNING: [IDS] {'line': 1, 'pattern': 'TestPattern', 'severity': 'high', 'ip': '1.2.3.4', 'content': 'attack from 1.2.3.4 detected'}
2025-12-20 04:54:26 WARNING: [IPS] Blocking IP: 1.2.3.4 | Reason: TestPattern | Line: 1 | attack from 1.2.3.4 detected
2025-12-20 04:54:40 WARNING: [IDS] {'line': 1, 'pattern': 'TestPattern', 'severity': 'high', 'ip': '1.2.3.4', 'content': 'attack from 1.2.3.4 detected'}
2025-12-20 04:54:40 WARNING: [IPS] Blocking IP: 1.2.3.4 | Reason: TestPattern | Line: 1 | attack from 1.2.3.4 detected
2025-12-20 04:55:25 WARNING: [IDS] {'line': 1, 'pattern': 'TestPattern', 'severity': 'high', 'ip': '1.2.3.4', 'content': 'attack from 1.2.3.4 detected'}
2025-12-20 04:55:25 WARNING: [IPS] Blocking IP: 1.2.3.4 | Reason: TestPattern | Line: 1 | attack from 1.2.3.4 detected
2025-12-20 04:55:52 WARNING: [IDS] {'line': 1, 'pattern': 'TestPattern', 'severity': 'high', 'ip': '1.2.3.4', 'content': 'attack from 1.2.3.4 detected'}
2025-12-20 04:55:52 WARNING: [IPS] Blocking IP: 1.2.3.4 | Reason: TestPattern | Line: 1 | attack from 1.2.3.4 detected
2025-12-20 04:56:21 WARNING: [IDS] {'line': 1, 'pattern': 'TestPattern', 'severity': 'high', 'ip': '1.2.3.4', 'content': 'attack from 1.2.3.4 detected'}
2025-12-20 04:56:21 WARNING: [IPS] Blocking IP: 1.2.3.4 | Reason: TestPattern | Line: 1 | attack from 1.2.3.4 detected
2025-12-20 04:56:21 WARNING: [NetIDS] 2025-12-20 04:56:21 | ICMP Echo 1.1.1.1 -> 2.2.2.2
2025-12-20 04:56:21 WARNING: [NetIDS] 2025-12-20 04:56:21 | TCP SYN 1.1.1.1:1234 -> 2.2.2.2:22
2025-12-20 05:15:46 WARNING: [IDS] {'line': 1, 'pattern': 'TestPattern', 'severity': 'high', 'ip': '1.2.3.4', 'content': 'attack from 1.2.3.4 detected'}
2025-12-20 05:15:46 WARNING: [IPS] Blocking IP: 1.2.3.4 | Reason: TestPattern | Line: 1 | attack from 1.2.3.4 detected
2025-12-20 05:15:46 WARNING: [NetIDS] 2025-12-20 05:15:46 | ICMP Echo 1.1.1.1 -> 2.2.2.2
2025-12-20 05:15:46 WARNING: [NetIDS] 2025-12-20 05:15:46 | TCP SYN 1.1.1.1:1234 -> 2.2.2.2:22
2025-12-20 05:24:10 WARNING: [IDS] {'line': 1, 'pattern': 'TestPattern', 'severity': 'high', 'ip': '1.2.3.4', 'content': 'attack from 1.2.3.4 detected'}
2025-12-20 05:24:10 WARNING: [IPS] Blocking IP: 1.2.3.4 | Reason: TestPattern | Line: 1 | attack from 1.2.3.4 detected
2025-12-20 05:24:10 WARNING: [NetIDS] 2025-12-20 05:24:10 | ICMP Echo 1.1.1.1 -> 2.2.2.2
2025-12-20 05:24:10 WARNING: [NetIDS] 2025-12-20 05:24:10 | TCP SYN 1.1.1.1:1234 -> 2.2.2.2:22
2025-12-20 05:59:01 WARNING: [IDS] {'line': 1, 'pattern': 'TestPattern', 'severity': 'high', 'ip': '1.2.3.4', 'content': 'attack from 1.2.3.4 detected'}
2025-12-20 05:59:01 WARNING: [IPS] Blocking IP: 1.2.3.4 | Reason: TestPattern | Line: 1 | attack from 1.2.3.4 detected
2025-12-20 05:59:01 WARNING: [NetIDS] 2025-12-20 05:59:01 | ICMP Echo 1.1.1.1 -> 2.2.2.2
2025-12-20 05:59:01 WARNING: [NetIDS] 2025-12-20 05:59:01 | TCP SYN 1.1.1.1:1234 -> 2.2.2.2:22
2025-12-20 23:25:55 WARNING: [IPS] Blocking IP: 1.2.3.4 | Reason: TestPattern | Line: 1 | attack from 1.2.3.4 detected | Backend: nftables
2025-12-20 23:25:56 ERROR: Failed to block IP 1.2.3.4 with nftables: Command '['sudo', 'nft', 'add', 'rule', 'inet', 'filter', 'input', 'ip', 'saddr', '1.2.3.4', 'drop']' returned non-zero exit status 1.
2025-12-20 23:25:56 WARNING: [NetIDS] 2025-12-20 23:25:56 | ICMP Echo 1.1.1.1 -> 2.2.2.2
2025-12-20 23:25:56 WARNING: [NetIDS] 2025-12-20 23:25:56 | TCP SYN 1.1.1.1:1234 -> 2.2.2.2:22
2025-12-20 23:30:14 WARNING: [IDS] {'line': 1, 'pattern': 'TestPattern', 'severity': 'high', 'ip': '1.2.3.4', 'content': 'attack from 1.2.3.4 detected'}
2025-12-20 23:30:14 WARNING: [IPS] Blocking IP: 1.2.3.4 | Reason: TestPattern | Line: 1 | attack from 1.2.3.4 detected | Backend: nftables
2025-12-20 23:30:18 ERROR: Failed to block IP 1.2.3.4 with nftables: Command '['sudo', 'nft', 'add', 'rule', 'inet', 'filter', 'input', 'ip', 'saddr', '1.2.3.4', 'drop']' returned non-zero exit status 1.
2025-12-20 23:30:18 WARNING: [NetIDS] 2025-12-20 23:30:18 | ICMP Echo 1.1.1.1 -> 2.2.2.2
2025-12-20 23:30:18 WARNING: [NetIDS] 2025-12-20 23:30:18 | TCP SYN 1.1.1.1:1234 -> 2.2.2.2:22
2025-12-21 00:16:38 WARNING: [IDS] {'line': 1, 'pattern': 'TestPattern', 'severity': 'high', 'ip': '1.2.3.4', 'content': 'attack from 1.2.3.4 detected'}
2025-12-21 00:16:38 WARNING: [IPS] Blocking IP: 1.2.3.4 | Reason: TestPattern | Line: 1 | attack from 1.2.3.4 detected | Backend: nftables
2025-12-21 00:16:41 ERROR: Failed to block IP 1.2.3.4 with nftables: Command '['sudo', 'nft', 'add', 'rule', 'inet', 'filter', 'input', 'ip', 'saddr', '1.2.3.4', 'drop']' returned non-zero exit status 1.
2025-12-21 00:16:41 WARNING: [NetIDS] 2025-12-21 00:16:41 | ICMP Echo 1.1.1.1 -> 2.2.2.2
2025-12-21 00:16:41 WARNING: [NetIDS] 2025-12-21 00:16:41 | TCP SYN 1.1.1.1:1234 -> 2.2.2.2:22
2025-12-21 00:46:47 WARNING: [IDS] {'line': 1, 'pattern': 'TestPattern', 'severity': 'high', 'ip': '1.2.3.4', 'content': 'attack from 1.2.3.4 detected'}
2025-12-21 00:46:47 WARNING: [IPS] Blocking IP: 1.2.3.4 | Reason: TestPattern | Line: 1 | attack from 1.2.3.4 detected | Backend: nftables
2025-12-21 00:46:47 WARNING: [NetIDS] 2025-12-21 00:46:47 | ICMP Echo 1.1.1.1 -> 2.2.2.2
2025-12-21 00:46:47 WARNING: [NetIDS] 2025-12-21 00:46:47 | TCP SYN 1.1.1.1:1234 -> 2.2.2.2:22
